127.0.0.1 - - [16/Jul/2019:12:11:49 +0530] "GET / HTTP/1.1" 404 951
0:0:0:0:0:0:0:1 - - [16/Jul/2019:12:11:51 +0530] "GET /springmvc/ HTTP/1.1" 200 57
0:0:0:0:0:0:0:1 - - [16/Jul/2019:12:12:04 +0530] "GET /springmvc/ HTTP/1.1" 200 57
0:0:0:0:0:0:0:1 - - [16/Jul/2019:12:12:05 +0530] "GET /favicon.ico HTTP/1.1" 404 973
127.0.0.1 - - [16/Jul/2019:12:19:13 +0530] "GET / HTTP/1.1" 404 951
0:0:0:0:0:0:0:1 - - [16/Jul/2019:12:19:19 +0530] "GET /springmvc/ HTTP/1.1" 200 57
0:0:0:0:0:0:0:1 - - [16/Jul/2019:12:19:20 +0530] "GET /springmvc/ HTTP/1.1" 200 57
0:0:0:0:0:0:0:1 - - [16/Jul/2019:12:19:20 +0530] "GET /springmvc/ HTTP/1.1" 200 57
0:0:0:0:0:0:0:1 - - [16/Jul/2019:12:19:21 +0530] "GET /springmvc/ HTTP/1.1" 200 57
0:0:0:0:0:0:0:1 - - [16/Jul/2019:12:19:21 +0530] "GET /springmvc/ HTTP/1.1" 200 57
127.0.0.1 - - [16/Jul/2019:12:20:02 +0530] "GET / HTTP/1.1" 404 951
0:0:0:0:0:0:0:1 - - [16/Jul/2019:12:20:05 +0530] "GET /springmvc/ HTTP/1.1" 200 57
0:0:0:0:0:0:0:1 - - [16/Jul/2019:12:20:05 +0530] "GET /springmvc/ HTTP/1.1" 200 57
0:0:0:0:0:0:0:1 - - [16/Jul/2019:12:20:06 +0530] "GET /springmvc/ HTTP/1.1" 200 57
0:0:0:0:0:0:0:1 - - [16/Jul/2019:12:20:06 +0530] "GET /springmvc/ HTTP/1.1" 200 57
0:0:0:0:0:0:0:1 - - [16/Jul/2019:12:20:06 +0530] "GET /springmvc/ HTTP/1.1" 200 57
0:0:0:0:0:0:0:1 - - [16/Jul/2019:12:20:06 +0530] "GET /springmvc/ HTTP/1.1" 200 57
0:0:0:0:0:0:0:1 - - [16/Jul/2019:12:20:06 +0530] "GET /springmvc/ HTTP/1.1" 200 57
0:0:0:0:0:0:0:1 - - [16/Jul/2019:12:20:06 +0530] "GET /springmvc/ HTTP/1.1" 200 57
0:0:0:0:0:0:0:1 - - [16/Jul/2019:12:20:07 +0530] "GET /springmvc/ HTTP/1.1" 200 57
0:0:0:0:0:0:0:1 - - [16/Jul/2019:12:20:21 +0530] "GET /springmvc/ HTTP/1.1" 200 57
0:0:0:0:0:0:0:1 - - [16/Jul/2019:12:20:21 +0530] "GET /springmvc/ HTTP/1.1" 200 57
0:0:0:0:0:0:0:1 - - [16/Jul/2019:12:20:21 +0530] "GET /springmvc/ HTTP/1.1" 200 57
0:0:0:0:0:0:0:1 - - [16/Jul/2019:12:20:21 +0530] "GET /springmvc/ HTTP/1.1" 200 57
127.0.0.1 - - [16/Jul/2019:12:26:29 +0530] "GET / HTTP/1.1" 404 951
0:0:0:0:0:0:0:1 - - [16/Jul/2019:12:26:34 +0530] "GET /springmvc/ HTTP/1.1" 200 57
0:0:0:0:0:0:0:1 - - [16/Jul/2019:12:26:35 +0530] "GET /springmvc/ HTTP/1.1" 200 57
0:0:0:0:0:0:0:1 - - [16/Jul/2019:12:26:37 +0530] "GET /springmvc/employee HTTP/1.1" 500 8438
127.0.0.1 - - [16/Jul/2019:12:27:39 +0530] "GET / HTTP/1.1" 404 951
0:0:0:0:0:0:0:1 - - [16/Jul/2019:12:27:43 +0530] "GET /springmvc/employee HTTP/1.1" 500 8438
0:0:0:0:0:0:0:1 - - [16/Jul/2019:12:27:44 +0530] "GET /springmvc/employee HTTP/1.1" 500 8438
0:0:0:0:0:0:0:1 - - [16/Jul/2019:12:27:44 +0530] "GET /springmvc/employee HTTP/1.1" 500 8438
0:0:0:0:0:0:0:1 - - [16/Jul/2019:12:27:44 +0530] "GET /springmvc/employee HTTP/1.1" 500 8438
0:0:0:0:0:0:0:1 - - [16/Jul/2019:12:27:45 +0530] "GET /springmvc/employee HTTP/1.1" 500 8438
0:0:0:0:0:0:0:1 - - [16/Jul/2019:12:27:45 +0530] "GET /springmvc/employee HTTP/1.1" 500 8438
127.0.0.1 - - [16/Jul/2019:12:29:39 +0530] "GET / HTTP/1.1" 404 951
0:0:0:0:0:0:0:1 - - [16/Jul/2019:12:29:43 +0530] "GET /springmvc/employee HTTP/1.1" 500 8438
0:0:0:0:0:0:0:1 - - [16/Jul/2019:12:29:44 +0530] "GET /springmvc/employee HTTP/1.1" 500 8438
0:0:0:0:0:0:0:1 - - [16/Jul/2019:12:29:44 +0530] "GET /springmvc/employee HTTP/1.1" 500 8438
0:0:0:0:0:0:0:1 - - [16/Jul/2019:12:29:44 +0530] "GET /springmvc/employee HTTP/1.1" 500 8438
0:0:0:0:0:0:0:1 - - [16/Jul/2019:12:29:44 +0530] "GET /springmvc/employee HTTP/1.1" 500 8438
0:0:0:0:0:0:0:1 - - [16/Jul/2019:12:29:44 +0530] "GET /springmvc/employee HTTP/1.1" 500 8438
0:0:0:0:0:0:0:1 - - [16/Jul/2019:12:29:44 +0530] "GET /springmvc/employee HTTP/1.1" 500 8438
0:0:0:0:0:0:0:1 - - [16/Jul/2019:12:29:45 +0530] "GET /springmvc/employee HTTP/1.1" 500 8438
0:0:0:0:0:0:0:1 - - [16/Jul/2019:12:29:45 +0530] "GET /springmvc/employee HTTP/1.1" 500 8438
0:0:0:0:0:0:0:1 - - [16/Jul/2019:12:29:46 +0530] "GET /springmvc/ HTTP/1.1" 200 57
0:0:0:0:0:0:0:1 - - [16/Jul/2019:12:29:46 +0530] "GET /springmvc/ HTTP/1.1" 200 57
0:0:0:0:0:0:0:1 - - [16/Jul/2019:12:29:47 +0530] "GET /springmvc/ HTTP/1.1" 200 57
0:0:0:0:0:0:0:1 - - [16/Jul/2019:12:29:47 +0530] "GET /springmvc/employee HTTP/1.1" 500 8438
0:0:0:0:0:0:0:1 - - [16/Jul/2019:12:29:48 +0530] "GET /springmvc/employee HTTP/1.1" 500 8438
0:0:0:0:0:0:0:1 - - [16/Jul/2019:12:29:48 +0530] "GET /springmvc/employee HTTP/1.1" 500 8438
0:0:0:0:0:0:0:1 - - [16/Jul/2019:12:29:48 +0530] "GET /springmvc/employee HTTP/1.1" 500 8438
0:0:0:0:0:0:0:1 - - [16/Jul/2019:12:29:48 +0530] "GET /springmvc/employee HTTP/1.1" 500 8438
127.0.0.1 - - [16/Jul/2019:12:31:09 +0530] "GET / HTTP/1.1" 404 951
0:0:0:0:0:0:0:1 - - [16/Jul/2019:12:31:13 +0530] "GET /springmvc/employee HTTP/1.1" 500 8438
0:0:0:0:0:0:0:1 - - [16/Jul/2019:12:31:13 +0530] "GET /springmvc/employee HTTP/1.1" 500 8438
0:0:0:0:0:0:0:1 - - [16/Jul/2019:12:31:13 +0530] "GET /springmvc/employee HTTP/1.1" 500 8438
0:0:0:0:0:0:0:1 - - [16/Jul/2019:12:31:14 +0530] "GET /springmvc/employee HTTP/1.1" 500 8438
0:0:0:0:0:0:0:1 - - [16/Jul/2019:12:31:14 +0530] "GET /springmvc/employee HTTP/1.1" 500 8438
0:0:0:0:0:0:0:1 - - [16/Jul/2019:12:31:14 +0530] "GET /springmvc/employee HTTP/1.1" 500 8438
0:0:0:0:0:0:0:1 - - [16/Jul/2019:12:31:14 +0530] "GET /springmvc/employee HTTP/1.1" 500 8438
0:0:0:0:0:0:0:1 - - [16/Jul/2019:12:31:14 +0530] "GET /springmvc/employee HTTP/1.1" 500 8438
127.0.0.1 - - [16/Jul/2019:12:33:45 +0530] "GET / HTTP/1.1" 404 951
0:0:0:0:0:0:0:1 - - [16/Jul/2019:12:33:50 +0530] "GET /springmvc/employee HTTP/1.1" 500 8438
0:0:0:0:0:0:0:1 - - [16/Jul/2019:12:33:50 +0530] "GET /springmvc/employee HTTP/1.1" 500 8438
0:0:0:0:0:0:0:1 - - [16/Jul/2019:12:33:51 +0530] "GET /springmvc/employee HTTP/1.1" 500 8438
0:0:0:0:0:0:0:1 - - [16/Jul/2019:12:33:51 +0530] "GET /springmvc/employee HTTP/1.1" 500 8438
0:0:0:0:0:0:0:1 - - [16/Jul/2019:12:33:51 +0530] "GET /springmvc/employee HTTP/1.1" 500 8438
127.0.0.1 - - [16/Jul/2019:12:35:28 +0530] "GET / HTTP/1.1" 404 951
0:0:0:0:0:0:0:1 - - [16/Jul/2019:12:35:36 +0530] "GET /springmvc/employee HTTP/1.1" 404 949
127.0.0.1 - - [16/Jul/2019:12:36:30 +0530] "GET / HTTP/1.1" 404 951
0:0:0:0:0:0:0:1 - - [16/Jul/2019:12:36:34 +0530] "GET /springmvc/employee HTTP/1.1" 500 8438
127.0.0.1 - - [16/Jul/2019:12:38:47 +0530] "GET / HTTP/1.1" 404 951
0:0:0:0:0:0:0:1 - - [16/Jul/2019:12:38:52 +0530] "GET /springmvc/employee HTTP/1.1" 500 8438
127.0.0.1 - - [16/Jul/2019:12:39:32 +0530] "GET / HTTP/1.1" 404 951
0:0:0:0:0:0:0:1 - - [16/Jul/2019:12:39:37 +0530] "GET /springmvc/employee HTTP/1.1" 404 949
0:0:0:0:0:0:0:1 - - [16/Jul/2019:12:39:41 +0530] "GET /springmvc/employees HTTP/1.1" 404 949
0:0:0:0:0:0:0:1 - - [16/Jul/2019:12:39:49 +0530] "GET /springmvc/employee HTTP/1.1" 404 949
127.0.0.1 - - [16/Jul/2019:12:40:51 +0530] "GET / HTTP/1.1" 404 951
0:0:0:0:0:0:0:1 - - [16/Jul/2019:12:40:52 +0530] "GET /springmvc/ HTTP/1.1" 200 57
0:0:0:0:0:0:0:1 - - [16/Jul/2019:12:40:59 +0530] "GET /springmvc/employee HTTP/1.1" 404 949
127.0.0.1 - - [16/Jul/2019:12:41:34 +0530] "GET / HTTP/1.1" 404 951
0:0:0:0:0:0:0:1 - - [16/Jul/2019:12:41:36 +0530] "GET /springmvc/employee HTTP/1.1" 404 949
0:0:0:0:0:0:0:1 - - [16/Jul/2019:12:41:51 +0530] "GET /springmvc/employee/login HTTP/1.1" 200 147
0:0:0:0:0:0:0:1 - - [16/Jul/2019:12:42:25 +0530] "GET /springmvc/employee/login HTTP/1.1" 200 147
0:0:0:0:0:0:0:1 - - [16/Jul/2019:12:47:57 +0530] "GET /springmvc HTTP/1.1" 302 -
0:0:0:0:0:0:0:1 - - [16/Jul/2019:12:47:57 +0530] "GET /springmvc/ HTTP/1.1" 200 57
0:0:0:0:0:0:0:1 - - [16/Jul/2019:12:48:03 +0530] "GET /springmvc/employee/login HTTP/1.1" 200 147
127.0.0.1 - - [16/Jul/2019:13:46:11 +0530] "GET / HTTP/1.1" 404 951
0:0:0:0:0:0:0:1 - - [16/Jul/2019:13:46:14 +0530] "GET /springmvc/employee/login HTTP/1.1" 200 147
0:0:0:0:0:0:0:1 - - [16/Jul/2019:13:46:15 +0530] "GET /springmvc/employee/login HTTP/1.1" 200 147
0:0:0:0:0:0:0:1 - - [16/Jul/2019:13:46:15 +0530] "GET /springmvc/employee/login HTTP/1.1" 200 147
0:0:0:0:0:0:0:1 - - [16/Jul/2019:13:46:15 +0530] "GET /springmvc/employee/login HTTP/1.1" 200 147
0:0:0:0:0:0:0:1 - - [16/Jul/2019:13:46:15 +0530] "GET /springmvc/employee/login HTTP/1.1" 200 147
0:0:0:0:0:0:0:1 - - [16/Jul/2019:13:46:16 +0530] "GET /springmvc/employee/login HTTP/1.1" 200 147
0:0:0:0:0:0:0:1 - - [16/Jul/2019:13:46:16 +0530] "GET /springmvc/employee/login HTTP/1.1" 200 147
0:0:0:0:0:0:0:1 - - [16/Jul/2019:13:46:16 +0530] "GET /springmvc/employee/login HTTP/1.1" 200 147
0:0:0:0:0:0:0:1 - - [16/Jul/2019:14:16:20 +0530] "GET /springmvc/employee/login HTTP/1.1" 200 147
0:0:0:0:0:0:0:1 - - [16/Jul/2019:14:16:24 +0530] "GET /springmvc/employee/register HTTP/1.1" 200 150
0:0:0:0:0:0:0:1 - - [16/Jul/2019:14:22:09 +0530] "GET /springmvc/employee/displayAll HTTP/1.1" 404 949
0:0:0:0:0:0:0:1 - - [16/Jul/2019:14:22:17 +0530] "GET /springmvc/employee/displayall HTTP/1.1" 500 10181
0:0:0:0:0:0:0:1 - - [16/Jul/2019:14:23:00 +0530] "GET /springmvc/employee/displayall HTTP/1.1" 500 3966
127.0.0.1 - - [16/Jul/2019:14:23:20 +0530] "GET / HTTP/1.1" 404 951
0:0:0:0:0:0:0:1 - - [16/Jul/2019:14:23:22 +0530] "GET /springmvc/employee/displayall HTTP/1.1" 500 3966
0:0:0:0:0:0:0:1 - - [16/Jul/2019:14:24:56 +0530] "GET /springmvc/employee/displayall HTTP/1.1" 500 3966
0:0:0:0:0:0:0:1 - - [16/Jul/2019:14:25:40 +0530] "GET /springmvc/employee/displayall HTTP/1.1" 500 3966
0:0:0:0:0:0:0:1 - - [16/Jul/2019:14:26:03 +0530] "GET /springmvc/employee/getbyid HTTP/1.1" 500 3787
0:0:0:0:0:0:0:1 - - [16/Jul/2019:14:26:20 +0530] "GET /springmvc/employee/getbyid HTTP/1.1" 500 3787
0:0:0:0:0:0:0:1 - - [16/Jul/2019:14:26:26 +0530] "GET /springmvc/employee/getbyid HTTP/1.1" 500 3787
127.0.0.1 - - [16/Jul/2019:14:26:37 +0530] "GET / HTTP/1.1" 404 951
0:0:0:0:0:0:0:1 - - [16/Jul/2019:14:26:37 +0530] "GET /springmvc/employee/getbyid HTTP/1.1" 500 3787
0:0:0:0:0:0:0:1 - - [16/Jul/2019:14:28:06 +0530] "GET /springmvc/employee/getbyid HTTP/1.1" 500 3787
0:0:0:0:0:0:0:1 - - [16/Jul/2019:14:28:35 +0530] "GET /springmvc/employee/displayall HTTP/1.1" 500 3966
0:0:0:0:0:0:0:1 - - [16/Jul/2019:14:30:30 +0530] "GET /springmvc/employee/displayall HTTP/1.1" 500 3966
0:0:0:0:0:0:0:1 - - [16/Jul/2019:14:30:30 +0530] "GET /springmvc/employee/displayall HTTP/1.1" 500 3966
127.0.0.1 - - [16/Jul/2019:14:32:10 +0530] "GET / HTTP/1.1" 404 951
0:0:0:0:0:0:0:1 - - [16/Jul/2019:14:32:13 +0530] "GET /springmvc/employee/displayall HTTP/1.1" 500 16315
127.0.0.1 - - [16/Jul/2019:14:32:55 +0530] "GET / HTTP/1.1" 404 951
0:0:0:0:0:0:0:1 - - [16/Jul/2019:14:32:57 +0530] "GET /springmvc/employee/displayall HTTP/1.1" 500 19492
127.0.0.1 - - [16/Jul/2019:14:33:34 +0530] "GET / HTTP/1.1" 404 951
0:0:0:0:0:0:0:1 - - [16/Jul/2019:14:33:36 +0530] "GET /springmvc/employee/displayall HTTP/1.1" 404 1045
0:0:0:0:0:0:0:1 - - [16/Jul/2019:14:34:10 +0530] "GET /springmvc/employee/getbyid HTTP/1.1" 500 3787
0:0:0:0:0:0:0:1 - - [16/Jul/2019:14:34:55 +0530] "GET /springmvc/employee/getbyid HTTP/1.1" 500 4110
127.0.0.1 - - [16/Jul/2019:14:35:15 +0530] "GET / HTTP/1.1" 404 951
0:0:0:0:0:0:0:1 - - [16/Jul/2019:14:35:18 +0530] "GET /springmvc/employee/getbyid HTTP/1.1" 404 1039
0:0:0:0:0:0:0:1 - - [16/Jul/2019:14:53:47 +0530] "GET /springmvc/employee/displayall HTTP/1.1" 404 1045
0:0:0:0:0:0:0:1 - - [16/Jul/2019:14:54:06 +0530] "GET /springmvc/employee/displayall HTTP/1.1" 404 1045
0:0:0:0:0:0:0:1 - - [16/Jul/2019:15:29:24 +0530] "GET /springmvc/employee/displayall HTTP/1.1" 200 565
0:0:0:0:0:0:0:1 - - [16/Jul/2019:15:31:11 +0530] "GET /springmvc/employee/displayall HTTP/1.1" 200 869
0:0:0:0:0:0:0:1 - - [16/Jul/2019:15:42:11 +0530] "GET /springmvc/employee/displayall HTTP/1.1" 200 545
0:0:0:0:0:0:0:1 - - [16/Jul/2019:15:44:06 +0530] "GET /springmvc/employee/displayall HTTP/1.1" 200 549
0:0:0:0:0:0:0:1 - - [16/Jul/2019:15:44:07 +0530] "GET /springmvc/employee/displayall HTTP/1.1" 200 549
0:0:0:0:0:0:0:1 - - [16/Jul/2019:15:44:22 +0530] "GET /springmvc/employee/displayall HTTP/1.1" 200 557
0:0:0:0:0:0:0:1 - - [16/Jul/2019:15:44:23 +0530] "GET /springmvc/employee/displayall HTTP/1.1" 200 557
0:0:0:0:0:0:0:1 - - [16/Jul/2019:15:44:23 +0530] "GET /springmvc/employee/displayall HTTP/1.1" 200 557
0:0:0:0:0:0:0:1 - - [16/Jul/2019:15:44:23 +0530] "GET /springmvc/employee/displayall HTTP/1.1" 200 557
0:0:0:0:0:0:0:1 - - [16/Jul/2019:15:48:36 +0530] "GET /springmvc/employee/displayall HTTP/1.1" 200 809
0:0:0:0:0:0:0:1 - - [16/Jul/2019:15:48:49 +0530] "GET /springmvc/employee/displayall HTTP/1.1" 200 752
0:0:0:0:0:0:0:1 - - [16/Jul/2019:16:27:29 +0530] "GET /springmvc/employee/displayall HTTP/1.1" 200 752
0:0:0:0:0:0:0:1 - - [16/Jul/2019:16:29:18 +0530] "GET /springmvc/employee/displayall HTTP/1.1" 200 752
0:0:0:0:0:0:0:1 - - [16/Jul/2019:16:29:22 +0530] "GET /springmvc/employee/displayall HTTP/1.1" 200 752
0:0:0:0:0:0:0:1 - - [16/Jul/2019:16:29:25 +0530] "GET /springmvc/employee/displayall HTTP/1.1" 200 752
0:0:0:0:0:0:0:1 - - [16/Jul/2019:16:29:26 +0530] "GET /springmvc/employee/displayall HTTP/1.1" 200 752
0:0:0:0:0:0:0:1 - - [16/Jul/2019:16:31:54 +0530] "GET /springmvc/employee/displayall HTTP/1.1" 200 752
0:0:0:0:0:0:0:1 - - [16/Jul/2019:16:31:57 +0530] "GET /springmvc/employee/displayall HTTP/1.1" 200 752
127.0.0.1 - - [16/Jul/2019:16:32:21 +0530] "GET / HTTP/1.1" 404 951
0:0:0:0:0:0:0:1 - - [16/Jul/2019:16:35:47 +0530] "GET /springmvc/employee/displayall HTTP/1.1" 200 752
0:0:0:0:0:0:0:1 - - [16/Jul/2019:16:41:19 +0530] "GET /springmvc/employee/display HTTP/1.1" 404 949
0:0:0:0:0:0:0:1 - - [16/Jul/2019:16:41:21 +0530] "GET /springmvc/employee/display HTTP/1.1" 404 949
127.0.0.1 - - [16/Jul/2019:16:41:30 +0530] "GET / HTTP/1.1" 404 951
0:0:0:0:0:0:0:1 - - [16/Jul/2019:16:41:37 +0530] "GET /springmvc/employee/getbyid/102 HTTP/1.1" 404 949
0:0:0:0:0:0:0:1 - - [16/Jul/2019:16:41:39 +0530] "GET /springmvc/employee/getbyid/102 HTTP/1.1" 404 949
127.0.0.1 - - [16/Jul/2019:16:41:52 +0530] "GET / HTTP/1.1" 404 951
0:0:0:0:0:0:0:1 - - [16/Jul/2019:16:41:55 +0530] "GET /springmvc/employee/getbyid/102 HTTP/1.1" 200 546
0:0:0:0:0:0:0:1 - - [16/Jul/2019:16:42:12 +0530] "GET /springmvc/employee/getbyid/102 HTTP/1.1" 200 508
0:0:0:0:0:0:0:1 - - [16/Jul/2019:16:42:31 +0530] "GET /springmvc/employee/getbyid/101 HTTP/1.1" 200 502
0:0:0:0:0:0:0:1 - - [16/Jul/2019:16:42:34 +0530] "GET /springmvc/employee/getbyid/103 HTTP/1.1" 200 508
0:0:0:0:0:0:0:1 - - [16/Jul/2019:16:51:01 +0530] "GET /springmvc/employee/getbyid/103 HTTP/1.1" 200 505
0:0:0:0:0:0:0:1 - - [16/Jul/2019:16:51:03 +0530] "GET /springmvc/employee/getbyid/102 HTTP/1.1" 200 505
